2026-08-13 20:52:54,206 -  INFO - Starting to build pipeline.......
2026-08-13 20:52:54,248 -  INFO - data loaded and processed successfully.....
2026-08-13 20:52:54,250 -  INFO - No device provided, using cpu
2026-08-13 20:52:55,049 -  INFO - HTTP Request: HEAD https://huggingface.co/sentence-transformers/all-MiniLM-L6-v2/resolve/main/modules.json "HTTP/1.1 307 Temporary Redirect"
2026-08-13 20:52:55,078 -  INFO - HTTP Request: HEAD https://huggingface.co/api/resolve-cache/models/sentence-transformers/all-MiniLM-L6-v2/1110a243fdf4706b3f48f1d95db1a4f5529b4d41/modules.json "HTTP/1.1 200 OK"
2026-08-13 20:52:55,336 -  INFO - HTTP Request: HEAD https://huggingface.co/sentence-transformers/all-MiniLM-L6-v2/resolve/main/config_sentence_transformers.json "HTTP/1.1 307 Temporary Redirect"
2026-08-13 20:52:55,356 -  INFO - HTTP Request: HEAD https://huggingface.co/api/resolve-cache/models/sentence-transformers/all-MiniLM-L6-v2/1110a243fdf4706b3f48f1d95db1a4f5529b4d41/config_sentence_transformers.json "HTTP/1.1 200 OK"
2026-08-13 20:52:55,358 -  INFO - Loading SentenceTransformer model from sentence-transformers/all-MiniLM-L6-v2.
2026-08-13 20:52:55,613 -  INFO - HTTP Request: HEAD https://huggingface.co/sentence-transformers/all-MiniLM-L6-v2/resolve/main/config_sentence_transformers.json "HTTP/1.1 307 Temporary Redirect"
2026-08-13 20:52:55,636 -  INFO - HTTP Request: HEAD https://huggingface.co/api/resolve-cache/models/sentence-transformers/all-MiniLM-L6-v2/1110a243fdf4706b3f48f1d95db1a4f5529b4d41/config_sentence_transformers.json "HTTP/1.1 200 OK"
2026-08-13 20:52:56,123 -  INFO - HTTP Request: HEAD https://huggingface.co/sentence-transformers/all-MiniLM-L6-v2/resolve/main/README.md "HTTP/1.1 307 Temporary Redirect"
2026-08-13 20:52:56,535 -  INFO - HTTP Request: HEAD https://huggingface.co/api/resolve-cache/models/sentence-transformers/all-MiniLM-L6-v2/1110a243fdf4706b3f48f1d95db1a4f5529b4d41/README.md "HTTP/1.1 200 OK"
2026-08-13 20:52:56,798 -  INFO - HTTP Request: HEAD https://huggingface.co/sentence-transformers/all-MiniLM-L6-v2/resolve/main/modules.json "HTTP/1.1 307 Temporary Redirect"
2026-08-13 20:52:56,812 -  INFO - HTTP Request: HEAD https://huggingface.co/api/resolve-cache/models/sentence-transformers/all-MiniLM-L6-v2/1110a243fdf4706b3f48f1d95db1a4f5529b4d41/modules.json "HTTP/1.1 200 OK"
2026-08-13 20:52:57,068 -  INFO - HTTP Request: HEAD https://huggingface.co/sentence-transformers/all-MiniLM-L6-v2/resolve/main/sentence_bert_config.json "HTTP/1.1 307 Temporary Redirect"
2026-08-13 20:52:57,084 -  INFO - HTTP Request: HEAD https://huggingface.co/api/resolve-cache/models/sentence-transformers/all-MiniLM-L6-v2/1110a243fdf4706b3f48f1d95db1a4f5529b4d41/sentence_bert_config.json "HTTP/1.1 200 OK"
2026-08-13 20:52:57,345 -  INFO - HTTP Request: HEAD https://huggingface.co/sentence-transformers/all-MiniLM-L6-v2/resolve/main/adapter_config.json "HTTP/1.1 404 Not Found"
2026-08-13 20:52:57,602 -  INFO - HTTP Request: HEAD https://huggingface.co/sentence-transformers/all-MiniLM-L6-v2/resolve/main/config.json "HTTP/1.1 307 Temporary Redirect"
2026-08-13 20:52:57,617 -  INFO - HTTP Request: HEAD https://huggingface.co/api/resolve-cache/models/sentence-transformers/all-MiniLM-L6-v2/1110a243fdf4706b3f48f1d95db1a4f5529b4d41/config.json "HTTP/1.1 200 OK"
2026-08-13 20:52:58,387 -  INFO - HTTP Request: HEAD https://huggingface.co/sentence-transformers/all-MiniLM-L6-v2/resolve/main/processor_config.json "HTTP/1.1 404 Not Found"
2026-08-13 20:52:58,640 -  INFO - HTTP Request: HEAD https://huggingface.co/sentence-transformers/all-MiniLM-L6-v2/resolve/main/preprocessor_config.json "HTTP/1.1 404 Not Found"
2026-08-13 20:52:59,611 -  INFO - HTTP Request: HEAD https://huggingface.co/sentence-transformers/all-MiniLM-L6-v2/resolve/main/video_preprocessor_config.json "HTTP/1.1 404 Not Found"
2026-08-13 20:52:59,865 -  INFO - HTTP Request: HEAD https://huggingface.co/sentence-transformers/all-MiniLM-L6-v2/resolve/main/preprocessor_config.json "HTTP/1.1 404 Not Found"
2026-08-13 20:53:00,124 -  INFO - HTTP Request: HEAD https://huggingface.co/sentence-transformers/all-MiniLM-L6-v2/resolve/main/tokenizer_config.json "HTTP/1.1 307 Temporary Redirect"
2026-08-13 20:53:00,140 -  INFO - HTTP Request: HEAD https://huggingface.co/api/resolve-cache/models/sentence-transformers/all-MiniLM-L6-v2/1110a243fdf4706b3f48f1d95db1a4f5529b4d41/tokenizer_config.json "HTTP/1.1 200 OK"
2026-08-13 20:53:00,409 -  INFO - HTTP Request: HEAD https://huggingface.co/sentence-transformers/all-MiniLM-L6-v2/resolve/main/config.json "HTTP/1.1 307 Temporary Redirect"
2026-08-13 20:53:00,425 -  INFO - HTTP Request: HEAD https://huggingface.co/api/resolve-cache/models/sentence-transformers/all-MiniLM-L6-v2/1110a243fdf4706b3f48f1d95db1a4f5529b4d41/config.json "HTTP/1.1 200 OK"
2026-08-13 20:53:00,686 -  INFO - HTTP Request: HEAD https://huggingface.co/sentence-transformers/all-MiniLM-L6-v2/resolve/main/config.json "HTTP/1.1 307 Temporary Redirect"
2026-08-13 20:53:00,703 -  INFO - HTTP Request: HEAD https://huggingface.co/api/resolve-cache/models/sentence-transformers/all-MiniLM-L6-v2/1110a243fdf4706b3f48f1d95db1a4f5529b4d41/config.json "HTTP/1.1 200 OK"
2026-08-13 20:53:00,961 -  INFO - HTTP Request: HEAD https://huggingface.co/sentence-transformers/all-MiniLM-L6-v2/resolve/main/tokenizer_config.json "HTTP/1.1 307 Temporary Redirect"
2026-08-13 20:53:00,978 -  INFO - HTTP Request: HEAD https://huggingface.co/api/resolve-cache/models/sentence-transformers/all-MiniLM-L6-v2/1110a243fdf4706b3f48f1d95db1a4f5529b4d41/tokenizer_config.json "HTTP/1.1 200 OK"
2026-08-13 20:53:01,241 -  INFO - HTTP Request: GET https://huggingface.co/api/models/sentence-transformers/all-MiniLM-L6-v2/tree/main/additional_chat_templates?recursive=false&expand=false "HTTP/1.1 404 Not Found"
2026-08-13 20:53:01,500 -  INFO - HTTP Request: GET https://huggingface.co/api/models/sentence-transformers/all-MiniLM-L6-v2/tree/main?recursive=true&expand=false "HTTP/1.1 200 OK"
2026-08-13 20:53:01,887 -  INFO - HTTP Request: HEAD https://huggingface.co/sentence-transformers/all-MiniLM-L6-v2/resolve/main/1_Pooling/config.json "HTTP/1.1 307 Temporary Redirect"
2026-08-13 20:53:01,909 -  INFO - HTTP Request: HEAD https://huggingface.co/api/resolve-cache/models/sentence-transformers/all-MiniLM-L6-v2/1110a243fdf4706b3f48f1d95db1a4f5529b4d41/1_Pooling%2Fconfig.json "HTTP/1.1 200 OK"
2026-08-13 20:53:02,194 -  INFO - HTTP Request: GET https://huggingface.co/api/models/sentence-transformers/all-MiniLM-L6-v2 "HTTP/1.1 200 OK"
2026-08-13 20:53:03,112 -  INFO - HTTP Request: GET https://fb036385-ad34-4ae1-8ed4-74b225e24f1d.europe-west6-0.gcp.cloud.qdrant.io:6333/collections/Anime_Data/exists "HTTP/1.1 200 OK"
2026-08-13 20:53:03,439 -  INFO - HTTP Request: GET https://fb036385-ad34-4ae1-8ed4-74b225e24f1d.europe-west6-0.gcp.cloud.qdrant.io:6333 "HTTP/1.1 200 OK"
2026-08-13 20:53:03,488 -  INFO - HTTP Request: PUT https://fb036385-ad34-4ae1-8ed4-74b225e24f1d.europe-west6-0.gcp.cloud.qdrant.io:6333/collections/Anime_Data "HTTP/1.1 200 OK"
2026-08-13 20:53:03,722 -  INFO - HTTP Request: GET https://fb036385-ad34-4ae1-8ed4-74b225e24f1d.europe-west6-0.gcp.cloud.qdrant.io:6333/collections/Anime_Data "HTTP/1.1 200 OK"
2026-08-13 20:53:07,873 -  INFO - HTTP Request: PUT https://fb036385-ad34-4ae1-8ed4-74b225e24f1d.europe-west6-0.gcp.cloud.qdrant.io:6333/collections/Anime_Data/points?wait=true "HTTP/1.1 200 OK"
2026-08-13 20:53:10,846 -  INFO - HTTP Request: PUT https://fb036385-ad34-4ae1-8ed4-74b225e24f1d.europe-west6-0.gcp.cloud.qdrant.io:6333/collections/Anime_Data/points?wait=true "HTTP/1.1 200 OK"
2026-08-13 20:53:13,453 -  INFO - HTTP Request: PUT https://fb036385-ad34-4ae1-8ed4-74b225e24f1d.europe-west6-0.gcp.cloud.qdrant.io:6333/collections/Anime_Data/points?wait=true "HTTP/1.1 200 OK"
2026-08-13 20:53:16,371 -  INFO - HTTP Request: PUT https://fb036385-ad34-4ae1-8ed4-74b225e24f1d.europe-west6-0.gcp.cloud.qdrant.io:6333/collections/Anime_Data/points?wait=true "HTTP/1.1 200 OK"
2026-08-13 20:53:19,140 -  INFO - HTTP Request: PUT https://fb036385-ad34-4ae1-8ed4-74b225e24f1d.europe-west6-0.gcp.cloud.qdrant.io:6333/collections/Anime_Data/points?wait=true "HTTP/1.1 200 OK"
2026-08-13 20:53:21,233 -  INFO - HTTP Request: PUT https://fb036385-ad34-4ae1-8ed4-74b225e24f1d.europe-west6-0.gcp.cloud.qdrant.io:6333/collections/Anime_Data/points?wait=true "HTTP/1.1 200 OK"
2026-08-13 20:53:21,234 -  INFO - Vector store built successfully.....
2026-08-13 20:53:21,234 -  INFO - Pipeline built successfully.......
